2026-07-24 16:07:55.993 [background-preinit] INFO  o.h.validator.internal.util.Version [] - HV000001: Hibernate Validator 8.0.2.Final
2026-07-24 16:07:56.062 [main] INFO  c.s.StudentManagementApplication [] - Starting StudentManagementApplication using Java 21.0.10 with PID 30904 (C:\Users\Adetayo.Adewobi\IdeaProjects\Student-management-portal\target\classes started by Adetayo.Adewobi in C:\Users\Adetayo.Adewobi\IdeaProjects\Student-management-portal)
2026-07-24 16:07:56.066 [main] INFO  c.s.StudentManagementApplication [] - No active profile set, falling back to 1 default profile: "default"
2026-07-24 16:08:00.893 [main] INFO  o.a.coyote.http11.Http11NioProtocol [] - Initializing ProtocolHandler ["http-nio-8080"]
2026-07-24 16:08:00.893 [main] INFO  o.a.catalina.core.StandardService [] - Starting service [Tomcat]
2026-07-24 16:08:00.893 [main] INFO  o.a.catalina.core.StandardEngine [] - Starting Servlet engine: [Apache Tomcat/10.1.39]
2026-07-24 16:08:01.026 [main] INFO  o.a.c.c.C.[Tomcat].[localhost].[/] [] - Initializing Spring embedded WebApplicationContext
2026-07-24 16:08:01.659 [main] INFO  com.zaxxer.hikari.HikariDataSource [] - HikariPool-1 - Starting...
2026-07-24 16:08:02.206 [main] INFO  com.zaxxer.hikari.pool.HikariPool [] - HikariPool-1 - Added connection org.postgresql.jdbc.PgConnection@74231642
2026-07-24 16:08:02.206 [main] INFO  com.zaxxer.hikari.HikariDataSource [] - HikariPool-1 - Start completed.
2026-07-24 16:08:02.299 [main] WARN  o.f.c.i.database.base.Database [] - Flyway upgrade recommended: PostgreSQL 18.2 is newer than this version of Flyway and support has not been tested. The latest supported version of PostgreSQL is 17.
2026-07-24 16:08:02.786 [main] INFO  o.h.jpa.internal.util.LogHelper [] - HHH000204: Processing PersistenceUnitInfo [name: default]
2026-07-24 16:08:02.883 [main] INFO  org.hibernate.Version [] - HHH000412: Hibernate ORM core version 6.6.11.Final
2026-07-24 16:08:02.943 [main] INFO  o.h.c.i.RegionFactoryInitiator [] - HHH000026: Second-level cache disabled
2026-07-24 16:08:03.640 [main] WARN  org.hibernate.orm.deprecation [] - HHH90000025: PostgreSQLDialect does not need to be specified explicitly using 'hibernate.dialect' (remove the property setting and it will be selected by default)
2026-07-24 16:08:03.676 [main] INFO  o.hibernate.orm.connections.pooling [] - HHH10001005: Database info:
	Database JDBC URL [Connecting through datasource 'HikariDataSource (HikariPool-1)']
	Database driver: undefined/unknown
	Database version: 18.2
	Autocommit mode: undefined/unknown
	Isolation level: undefined/unknown
	Minimum pool size: undefined/unknown
	Maximum pool size: undefined/unknown
2026-07-24 16:08:06.485 [main] INFO  o.h.e.t.j.p.i.JtaPlatformInitiator [] - HHH000489: No JTA platform available (set 'hibernate.transaction.jta.platform' to enable JTA platform integration)
2026-07-24 16:08:07.448 [main] WARN  o.s.s.c.a.a.c.InitializeUserDetailsBeanManagerConfigurer$InitializeUserDetailsManagerConfigurer [] - Global AuthenticationManager configured with an AuthenticationProvider bean. UserDetailsService beans will not be used by Spring Security for automatically configuring username/password login. Consider removing the AuthenticationProvider bean. Alternatively, consider using the UserDetailsService in a manually instantiated DaoAuthenticationProvider. If the current configuration is intentional, to turn off this warning, increase the logging level of 'org.springframework.security.config.annotation.authentication.configuration.InitializeUserDetailsBeanManagerConfigurer' to ERROR
2026-07-24 16:08:08.307 [main] WARN  o.s.b.a.o.j.JpaBaseConfiguration$JpaWebConfiguration [] - spring.jpa.open-in-view is enabled by default. Therefore, database queries may be performed during view rendering. Explicitly configure spring.jpa.open-in-view to disable this warning
2026-07-24 16:08:10.132 [main] INFO  o.a.coyote.http11.Http11NioProtocol [] - Starting ProtocolHandler ["http-nio-8080"]
2026-07-24 16:08:10.220 [main] INFO  c.s.StudentManagementApplication [] - Started StudentManagementApplication in 15.035 seconds (process running for 16.902)
2026-07-24 16:08:10.548 [main] INFO  c.s.common.seed.DataSeeder [] - Seed data already exists — skipping
2026-07-24 16:09:03.084 [http-nio-8080-exec-2] INFO  o.a.c.c.C.[Tomcat].[localhost].[/] [] - Initializing Spring DispatcherServlet 'dispatcherServlet'
2026-07-24 16:09:03.090 [http-nio-8080-exec-2] INFO  c.s.common.config.LoggingFilter [67bdfd77852b43bfa0b680575bb6494d] - --> POST /api/v1/auth/login
2026-07-24 16:09:03.442 [http-nio-8080-exec-2] INFO  c.s.auth.controller.AuthController [67bdfd77852b43bfa0b680575bb6494d] - Login attempt for email: admin@studentportal.edu
2026-07-24 16:09:03.442 [http-nio-8080-exec-2] INFO  c.s.auth.service.AuthService [67bdfd77852b43bfa0b680575bb6494d] - Login attempt for email: admin@studentportal.edu
2026-07-24 16:09:04.448 [http-nio-8080-exec-2] INFO  c.s.auth.service.AuthService [67bdfd77852b43bfa0b680575bb6494d] - Login successful for email: admin@studentportal.edu (user: d7f8004e-3eec-4716-a44c-0b1f9c549ed6)
2026-07-24 16:09:04.448 [http-nio-8080-exec-2] INFO  c.s.auth.controller.AuthController [67bdfd77852b43bfa0b680575bb6494d] - Login successful for email: admin@studentportal.edu
2026-07-24 16:09:04.540 [http-nio-8080-exec-2] INFO  c.s.common.config.LoggingFilter [67bdfd77852b43bfa0b680575bb6494d] - <-- POST /api/v1/auth/login -> 200 (1450ms)
2026-07-24 16:11:49.275 [http-nio-8080-exec-5] INFO  c.s.common.config.LoggingFilter [5c290155c4fc495d83a1d7eb059124bf] - --> GET /api/v1/students?page=0&size=20
2026-07-24 16:11:49.649 [http-nio-8080-exec-5] INFO  c.s.common.config.LoggingFilter [5c290155c4fc495d83a1d7eb059124bf] - <-- GET /api/v1/students?page=0&size=20 -> 200 (374ms)
2026-07-24 16:21:33.265 [SpringApplicationShutdownHook] INFO  com.zaxxer.hikari.HikariDataSource [] - HikariPool-1 - Shutdown initiated...
2026-07-24 16:21:33.276 [SpringApplicationShutdownHook] INFO  com.zaxxer.hikari.HikariDataSource [] - HikariPool-1 - Shutdown completed.
